<?xml version="1.0" encoding="utf-8"?><testsuites><testsuite name="pytest" errors="0" failures="0" skipped="0" tests="4" time="0.011" timestamp="2025-02-26T16:28:43.861840+05:30" hostname="g3n1u5-Inspiron-14-5420"><testcase classname="test_calc.TestCalculator" name="test_factorial" time="0.000" /><testcase classname="test_calc.TestCalculator" name="test_natural_log" time="0.000" /><testcase classname="test_calc.TestCalculator" name="test_power" time="0.000" /><testcase classname="test_calc.TestCalculator" name="test_square_root" time="0.000" /></testsuite></testsuites>